#-----------------------------------------------------------
# Vivado v2013.3 (64-bit)
# SW Build 329390 on Wed Oct 16 18:37:02 MDT 2013
# IP Build 192953 on Wed Oct 16 08:44:02 MDT 2013
# Start of session at: Fri Jan 17 13:57:12 2014
# Process ID: 1212
# Log file: E:/DSPIC_final/vivado.log
# Journal file: E:/DSPIC_final\vivado.jou
#-----------------------------------------------------------
start_gui
open_project {E:\DSPIC_final\DSPIC_final.xpr}
update_compile_order -fileset sources_1
update_compile_order -fileset sim_1
close [ open E:/DSPIC_final/DSPIC_final.srcs/sources_1/new/flp32_complex_adder.v w ]
add_files E:/DSPIC_final/DSPIC_final.srcs/sources_1/new/flp32_complex_adder.v
update_compile_order -fileset sources_1
launch_xsim -simset sim_1 -mode behavioral
launch_xsim -simset sim_1 -mode behavioral
launch_xsim -simset sim_1 -mode behavioral
set_property part xa7a100tcsg324-2I [current_project]
launch_xsim -simset sim_1 -mode behavioral
close [ open E:/DSPIC_final/DSPIC_final.srcs/sources_1/new/flp32_complex_subtracter.v w ]
add_files E:/DSPIC_final/DSPIC_final.srcs/sources_1/new/flp32_complex_subtracter.v
update_compile_order -fileset sources_1
launch_xsim -simset sim_1 -mode behavioral
close [ open E:/DSPIC_final/DSPIC_final.srcs/sources_1/new/flp32_complex_multiplier.v w ]
add_files E:/DSPIC_final/DSPIC_final.srcs/sources_1/new/flp32_complex_multiplier.v
update_compile_order -fileset sources_1
launch_xsim -simset sim_1 -mode behavioral
set_property part xa7z010clg225-1I [current_project]
launch_xsim -simset sim_1 -mode behavioral
set_property part xa7a100tcsg324-1Q [current_project]
launch_xsim -simset sim_1 -mode behavioral
launch_runs impl_1
wait_on_run impl_1
launch_xsim -simset sim_1 -mode behavioral
launch_xsim -simset sim_1 -mode behavioral
# Disabling source management mode.  This is to allow the top design properties to be set without GUI intervention.
set_property source_mgmt_mode None [current_project]
set_property top flp32_complex_subtracter [current_fileset]
# Re-enabling previously disabled source management mode.
set_property source_mgmt_mode All [current_project]
update_compile_order -fileset sources_1
reset_run synth_1
launch_runs synth_1
wait_on_run synth_1
launch_runs impl_1
wait_on_run impl_1
open_run impl_1
close_sim
