Copyright 1986-1999, 2001-2013 Xilinx, Inc. All Rights Reserved.
-----------------------------------------------------------------------------------
| Tool Version : Vivado v.2013.3 (win64) Build 329390 Wed Oct 16 18:37:02 MDT 2013
| Date         : Fri Jan 17 16:48:01 2014
| Host         :  running 64-bit Service Pack 1  (build 7601)
| Command      : report_io -file flp32_complex_subtracter_io_placed.rpt
| Design       : flp32_complex_subtracter
| Device       : xa7a100t
| Speed File   : -1Q
-----------------------------------------------------------------------------------

IO Information

Table of Contents
-----------------
1. Summary
2. IO Assignments by Package Pin

1. Summary
----------

+---------------+
| Total User IO |
+---------------+
|           192 |
+---------------+


2. IO Assignments by Package Pin
--------------------------------

+------------+-------------+-----------+------------------------------+-----------+-------------+----------------+------------+-----------+-------------+-----------+---------+------------+------------------------+------------------+
| Pin Number | Signal Name | Pin Usage | Pin Name                     | Direction | IO Standard | IO Bank Number | Drive (mA) | Slew Rate | Termination | IOB Delay | Voltage | Constraint | IOB Sequential Element | Signal Integrity |
+------------+-------------+-----------+------------------------------+-----------+-------------+----------------+------------+-----------+-------------+-----------+---------+------------+------------------------+------------------+
| A1         | B1[31]      | IOB33S    | IO_L9N_T1_DQS_AD7N_35        | INPUT     | LVCMOS18*   |             35 |            |           |             |      NONE |         | UNFIXED    | NONE                   | NONE             |
| A2         |             |           | GND                          |           |             |                |            |           |             |           |         |            |                        |                  |
| A3         | C1[19]      | IOB33S    | IO_L8N_T1_AD14N_35           | OUTPUT    | LVCMOS18*   |             35 |         12 |      SLOW |             |           |         | UNFIXED    | NONE                   | NONE             |
| A4         | C1[20]      | IOB33M    | IO_L8P_T1_AD14P_35           | OUTPUT    | LVCMOS18*   |             35 |         12 |      SLOW |             |           |         | UNFIXED    | NONE                   | NONE             |
| A5         | C1[29]      | IOB33S    | IO_L3N_T0_DQS_AD5N_35        | OUTPUT    | LVCMOS18*   |             35 |         12 |      SLOW |             |           |         | UNFIXED    | NONE                   | NONE             |
| A6         | C1[30]      | IOB33M    | IO_L3P_T0_DQS_AD5P_35        | OUTPUT    | LVCMOS18*   |             35 |         12 |      SLOW |             |           |         | UNFIXED    | NONE                   | NONE             |
| A7         |             |           | VCCO_35                      |           |             |             35 |            |           |             |           |    1.80 |            |                        |                  |
| A8         |             | IOB33S    | IO_L12N_T1_MRCC_16           | UNUSED    |             |             16 |            |           |             |           |         |            |                        |                  |
| A9         |             | IOB33S    | IO_L14N_T2_SRCC_16           | UNUSED    |             |             16 |            |           |             |           |         |            |                        |                  |
| A10        |             | IOB33M    | IO_L14P_T2_SRCC_16           | UNUSED    |             |             16 |            |           |             |           |         |            |                        |                  |
| A11        | C0[27]      | IOB33S    | IO_L4N_T0_15                 | OUTPUT    | LVCMOS18*   |             15 |         12 |      SLOW |             |           |         | UNFIXED    | NONE                   | NONE             |
| A12        |             |           | GND                          |           |             |                |            |           |             |           |         |            |                        |                  |
| A13        | C0[18]      | IOB33M    | IO_L9P_T1_DQS_AD3P_15        | OUTPUT    | LVCMOS18*   |             15 |         12 |      SLOW |             |           |         | UNFIXED    | NONE                   | NONE             |
| A14        | C0[17]      | IOB33S    | IO_L9N_T1_DQS_AD3N_15        | OUTPUT    | LVCMOS18*   |             15 |         12 |      SLOW |             |           |         | UNFIXED    | NONE                   | NONE             |
| A15        | C0[20]      | IOB33M    | IO_L8P_T1_AD10P_15           | OUTPUT    | LVCMOS18*   |             15 |         12 |      SLOW |             |           |         | UNFIXED    | NONE                   | NONE             |
| A16        | C0[19]      | IOB33S    | IO_L8N_T1_AD10N_15           | OUTPUT    | LVCMOS18*   |             15 |         12 |      SLOW |             |           |         | UNFIXED    | NONE                   | NONE             |
| A17        |             |           | VCCO_15                      |           |             |             15 |            |           |             |           |    1.80 |            |                        |                  |
| A18        | C0[15]      | IOB33S    | IO_L10N_T1_AD11N_15          | OUTPUT    | LVCMOS18*   |             15 |         12 |      SLOW |             |           |         | UNFIXED    | NONE                   | NONE             |
| B1         | C1[18]      | IOB33M    | IO_L9P_T1_DQS_AD7P_35        | OUTPUT    | LVCMOS18*   |             35 |         12 |      SLOW |             |           |         | UNFIXED    | NONE                   | NONE             |
| B2         | B1[29]      | IOB33S    | IO_L10N_T1_AD15N_35          | INPUT     | LVCMOS18*   |             35 |            |           |             |      NONE |         | UNFIXED    | NONE                   | NONE             |
| B3         | B1[30]      | IOB33M    | IO_L10P_T1_AD15P_35          | INPUT     | LVCMOS18*   |             35 |            |           |             |      NONE |         | UNFIXED    | NONE                   | NONE             |
| B4         | C1[21]      | IOB33S    | IO_L7N_T1_AD6N_35            | OUTPUT    | LVCMOS18*   |             35 |         12 |      SLOW |             |           |         | UNFIXED    | NONE                   | NONE             |
| B5         |             |           | GND                          |           |             |                |            |           |             |           |         |            |                        |                  |
| B6         | C1[31]      | IOB33S    | IO_L2N_T0_AD12N_35           | OUTPUT    | LVCMOS18*   |             35 |         12 |      SLOW |             |           |         | UNFIXED    | NONE                   | NONE             |
| B7         |             | IOB33M    | IO_L2P_T0_AD12P_35           | UNUSED    |             |             35 |            |           |             |           |         |            |                        |                  |
| B8         |             | IOB33M    | IO_L12P_T1_MRCC_16           | UNUSED    |             |             16 |            |           |             |           |         |            |                        |                  |
| B9         |             | IOB33S    | IO_L11N_T1_SRCC_16           | UNUSED    |             |             16 |            |           |             |           |         |            |                        |                  |
| B10        |             |           | VCCO_16                      |           |             |             16 |            |           |             |           |   any** |            |                        |                  |
| B11        | C0[28]      | IOB33M    | IO_L4P_T0_15                 | OUTPUT    | LVCMOS18*   |             15 |         12 |      SLOW |             |           |         | UNFIXED    | NONE                   | NONE             |
| B12        | C0[29]      | IOB33S    | IO_L3N_T0_DQS_AD1N_15        | OUTPUT    | LVCMOS18*   |             15 |         12 |      SLOW |             |           |         | UNFIXED    | NONE                   | NONE             |
| B13        |             | IOB33M    | IO_L2P_T0_AD8P_15            | UNUSED    |             |             15 |            |           |             |           |         |            |                        |                  |
| B14        | C0[31]      | IOB33S    | IO_L2N_T0_AD8N_15            | OUTPUT    | LVCMOS18*   |             15 |         12 |      SLOW |             |           |         | UNFIXED    | NONE                   | NONE             |
| B15        |             |           | GND                          |           |             |                |            |           |             |           |         |            |                        |                  |
| B16        | C0[22]      | IOB33M    | IO_L7P_T1_AD2P_15            | OUTPUT    | LVCMOS18*   |             15 |         12 |      SLOW |             |           |         | UNFIXED    | NONE                   | NONE             |
| B17        | C0[21]      | IOB33S    | IO_L7N_T1_AD2N_15            | OUTPUT    | LVCMOS18*   |             15 |         12 |      SLOW |             |           |         | UNFIXED    | NONE                   | NONE             |
| B18        | C0[16]      | IOB33M    | IO_L10P_T1_AD11P_15          | OUTPUT    | LVCMOS18*   |             15 |         12 |      SLOW |             |           |         | UNFIXED    | NONE                   | NONE             |
| C1         | B1[17]      | IOB33S    | IO_L16N_T2_35                | INPUT     | LVCMOS18*   |             35 |            |           |             |      NONE |         | UNFIXED    | NONE                   | NONE             |
| C2         | B1[18]      | IOB33M    | IO_L16P_T2_35                | INPUT     | LVCMOS18*   |             35 |            |           |             |      NONE |         | UNFIXED    | NONE                   | NONE             |
| C3         |             |           | VCCO_35                      |           |             |             35 |            |           |             |           |    1.80 |            |                        |                  |
| C4         | C1[22]      | IOB33M    | IO_L7P_T1_AD6P_35            | OUTPUT    | LVCMOS18*   |             35 |         12 |      SLOW |             |           |         | UNFIXED    | NONE                   | NONE             |
| C5         |             | IOB33S    | IO_L1N_T0_AD4N_35            | UNUSED    |             |             35 |            |           |             |           |         |            |                        |                  |
| C6         |             | IOB33M    | IO_L1P_T0_AD4P_35            | UNUSED    |             |             35 |            |           |             |           |         |            |                        |                  |
| C7         | C1[27]      | IOB33S    | IO_L4N_T0_35                 | OUTPUT    | LVCMOS18*   |             35 |         12 |      SLOW |             |           |         | UNFIXED    | NONE                   | NONE             |
| C8         |             |           | GND                          |           |             |                |            |           |             |           |         |            |                        |                  |
| C9         |             | IOB33M    | IO_L11P_T1_SRCC_16           | UNUSED    |             |             16 |            |           |             |           |         |            |                        |                  |
| C10        |             | IOB33S    | IO_L13N_T2_MRCC_16           | UNUSED    |             |             16 |            |           |             |           |         |            |                        |                  |
| C11        |             | IOB33M    | IO_L13P_T2_MRCC_16           | UNUSED    |             |             16 |            |           |             |           |         |            |                        |                  |
| C12        | C0[30]      | IOB33M    | IO_L3P_T0_DQS_AD1P_15        | OUTPUT    | LVCMOS18*   |             15 |         12 |      SLOW |             |           |         | UNFIXED    | NONE                   | NONE             |
| C13        |             |           | VCCO_15                      |           |             |             15 |            |           |             |           |    1.80 |            |                        |                  |
| C14        |             | IOB33S    | IO_L1N_T0_AD0N_15            | UNUSED    |             |             15 |            |           |             |           |         |            |                        |                  |
| C15        | C0[11]      | IOB33S    | IO_L12N_T1_MRCC_15           | OUTPUT    | LVCMOS18*   |             15 |         12 |      SLOW |             |           |         | UNFIXED    | NONE                   | NONE             |
| C16        | B0[28]      | IOB33M    | IO_L20P_T3_A20_15            | INPUT     | LVCMOS18*   |             15 |            |           |             |      NONE |         | UNFIXED    | NONE                   | NONE             |
| C17        | B0[27]      | IOB33S    | IO_L20N_T3_A19_15            | INPUT     | LVCMOS18*   |             15 |            |           |             |      NONE |         | UNFIXED    | NONE                   | NONE             |
| C18        |             |           | GND                          |           |             |                |            |           |             |           |         |            |                        |                  |
| D1         |             |           | GND                          |           |             |                |            |           |             |           |         |            |                        |                  |
| D2         | B1[21]      | IOB33S    | IO_L14N_T2_SRCC_35           | INPUT     | LVCMOS18*   |             35 |            |           |             |      NONE |         | UNFIXED    | NONE                   | NONE             |
| D3         | B1[25]      | IOB33S    | IO_L12N_T1_MRCC_35           | INPUT     | LVCMOS18*   |             35 |            |           |             |      NONE |         | UNFIXED    | NONE                   | NONE             |
| D4         | B1[27]      | IOB33S    | IO_L11N_T1_SRCC_35           | INPUT     | LVCMOS18*   |             35 |            |           |             |      NONE |         | UNFIXED    | NONE                   | NONE             |
| D5         | B1[28]      | IOB33M    | IO_L11P_T1_SRCC_35           | INPUT     | LVCMOS18*   |             35 |            |           |             |      NONE |         | UNFIXED    | NONE                   | NONE             |
| D6         |             |           | VCCO_35                      |           |             |             35 |            |           |             |           |    1.80 |            |                        |                  |
| D7         | C1[23]      | IOB33S    | IO_L6N_T0_VREF_35            | OUTPUT    | LVCMOS18*   |             35 |         12 |      SLOW |             |           |         | UNFIXED    | NONE                   | NONE             |
| D8         | C1[28]      | IOB33M    | IO_L4P_T0_35                 | OUTPUT    | LVCMOS18*   |             35 |         12 |      SLOW |             |           |         | UNFIXED    | NONE                   | NONE             |
| D9         |             | IOB33S    | IO_L6N_T0_VREF_16            | UNUSED    |             |             16 |            |           |             |           |         |            |                        |                  |
| D10        |             | IOB33S    | IO_L19N_T3_VREF_16           | UNUSED    |             |             16 |            |           |             |           |         |            |                        |                  |
| D11        |             |           | GND                          |           |             |                |            |           |             |           |         |            |                        |                  |
| D12        | C0[24]      | IOB33M    | IO_L6P_T0_15                 | OUTPUT    | LVCMOS18*   |             15 |         12 |      SLOW |             |           |         | UNFIXED    | NONE                   | NONE             |
| D13        | C0[23]      | IOB33S    | IO_L6N_T0_VREF_15            | OUTPUT    | LVCMOS18*   |             15 |         12 |      SLOW |             |           |         | UNFIXED    | NONE                   | NONE             |
| D14        |             | IOB33M    | IO_L1P_T0_AD0P_15            | UNUSED    |             |             15 |            |           |             |           |         |            |                        |                  |
| D15        | C0[12]      | IOB33M    | IO_L12P_T1_MRCC_15           | OUTPUT    | LVCMOS18*   |             15 |         12 |      SLOW |             |           |         | UNFIXED    | NONE                   | NONE             |
| D16        |             |           | VCCO_15                      |           |             |             15 |            |           |             |           |    1.80 |            |                        |                  |
| D17        | C0[3]       | IOB33S    | IO_L16N_T2_A27_15            | OUTPUT    | LVCMOS18*   |             15 |         12 |      SLOW |             |           |         | UNFIXED    | NONE                   | NONE             |
| D18        | B0[25]      | IOB33S    | IO_L21N_T3_DQS_A18_15        | INPUT     | LVCMOS18*   |             15 |            |           |             |      NONE |         | UNFIXED    | NONE                   | NONE             |
| E1         | B1[13]      | IOB33S    | IO_L18N_T2_35                | INPUT     | LVCMOS18*   |             35 |            |           |             |      NONE |         | UNFIXED    | NONE                   | NONE             |
| E2         | B1[22]      | IOB33M    | IO_L14P_T2_SRCC_35           | INPUT     | LVCMOS18*   |             35 |            |           |             |      NONE |         | UNFIXED    | NONE                   | NONE             |
| E3         | B1[26]      | IOB33M    | IO_L12P_T1_MRCC_35           | INPUT     | LVCMOS18*   |             35 |            |           |             |      NONE |         | UNFIXED    | NONE                   | NONE             |
| E4         |             |           | GND                          |           |             |                |            |           |             |           |         |            |                        |                  |
| E5         | C1[25]      | IOB33S    | IO_L5N_T0_AD13N_35           | OUTPUT    | LVCMOS18*   |             35 |         12 |      SLOW |             |           |         | UNFIXED    | NONE                   | NONE             |
| E6         | C1[26]      | IOB33M    | IO_L5P_T0_AD13P_35           | OUTPUT    | LVCMOS18*   |             35 |         12 |      SLOW |             |           |         | UNFIXED    | NONE                   | NONE             |
| E7         | C1[24]      | IOB33M    | IO_L6P_T0_35                 | OUTPUT    | LVCMOS18*   |             35 |         12 |      SLOW |             |           |         | UNFIXED    | NONE                   | NONE             |
| E8         |             |           | VCCBATT_0                    |           |             |                |            |           |             |           |         |            |                        |                  |
| E9         |             |           | CCLK_0                       |           |             |                |            |           |             |           |         |            |                        |                  |
| E10        |             |           | TCK_0                        |           |             |                |            |           |             |           |         |            |                        |                  |
| E11        |             |           | TDI_0                        |           |             |                |            |           |             |           |         |            |                        |                  |
| E12        |             |           | TMS_0                        |           |             |                |            |           |             |           |         |            |                        |                  |
| E13        |             |           | TDO_0                        |           |             |                |            |           |             |           |         |            |                        |                  |
| E14        |             |           | GND                          |           |             |                |            |           |             |           |         |            |                        |                  |
| E15        | C0[14]      | IOB33M    | IO_L11P_T1_SRCC_15           | OUTPUT    | LVCMOS18*   |             15 |         12 |      SLOW |             |           |         | UNFIXED    | NONE                   | NONE             |
| E16        | C0[13]      | IOB33S    | IO_L11N_T1_SRCC_15           | OUTPUT    | LVCMOS18*   |             15 |         12 |      SLOW |             |           |         | UNFIXED    | NONE                   | NONE             |
| E17        | C0[4]       | IOB33M    | IO_L16P_T2_A28_15            | OUTPUT    | LVCMOS18*   |             15 |         12 |      SLOW |             |           |         | UNFIXED    | NONE                   | NONE             |
| E18        | B0[26]      | IOB33M    | IO_L21P_T3_DQS_15            | INPUT     | LVCMOS18*   |             15 |            |           |             |      NONE |         | UNFIXED    | NONE                   | NONE             |
| F1         | B1[14]      | IOB33M    | IO_L18P_T2_35                | INPUT     | LVCMOS18*   |             35 |            |           |             |      NONE |         | UNFIXED    | NONE                   | NONE             |
| F2         |             |           | VCCO_35                      |           |             |             35 |            |           |             |           |    1.80 |            |                        |                  |
| F3         | B1[23]      | IOB33S    | IO_L13N_T2_MRCC_35           | INPUT     | LVCMOS18*   |             35 |            |           |             |      NONE |         | UNFIXED    | NONE                   | NONE             |
| F4         | B1[24]      | IOB33M    | IO_L13P_T2_MRCC_35           | INPUT     | LVCMOS18*   |             35 |            |           |             |      NONE |         | UNFIXED    | NONE                   | NONE             |
| F5         |             | IOB33     | IO_0_35                      | UNUSED    |             |             35 |            |           |             |           |         |            |                        |                  |
| F6         | B1[11]      | IOB33S    | IO_L19N_T3_VREF_35           | INPUT     | LVCMOS18*   |             35 |            |           |             |      NONE |         | UNFIXED    | NONE                   | NONE             |
| F7         |             |           | GND                          |           |             |                |            |           |             |           |         |            |                        |                  |
| F8         |             |           | VCCINT                       |           |             |                |            |           |             |           |         |            |                        |                  |
| F9         |             |           | GND                          |           |             |                |            |           |             |           |         |            |                        |                  |
| F10        |             |           | VCCBRAM                      |           |             |                |            |           |             |           |         |            |                        |                  |
| F11        |             |           | GND                          |           |             |                |            |           |             |           |         |            |                        |                  |
| F12        |             |           | VCCAUX                       |           |             |                |            |           |             |           |    1.80 |            |                        |                  |
| F13        | C0[26]      | IOB33M    | IO_L5P_T0_AD9P_15            | OUTPUT    | LVCMOS18*   |             15 |         12 |      SLOW |             |           |         | UNFIXED    | NONE                   | NONE             |
| F14        | C0[25]      | IOB33S    | IO_L5N_T0_AD9N_15            | OUTPUT    | LVCMOS18*   |             15 |         12 |      SLOW |             |           |         | UNFIXED    | NONE                   | NONE             |
| F15        | C0[8]       | IOB33M    | IO_L14P_T2_SRCC_15           | OUTPUT    | LVCMOS18*   |             15 |         12 |      SLOW |             |           |         | UNFIXED    | NONE                   | NONE             |
| F16        | C0[7]       | IOB33S    | IO_L14N_T2_SRCC_15           | OUTPUT    | LVCMOS18*   |             15 |         12 |      SLOW |             |           |         | UNFIXED    | NONE                   | NONE             |
| F17        |             |           | GND                          |           |             |                |            |           |             |           |         |            |                        |                  |
| F18        | B0[23]      | IOB33S    | IO_L22N_T3_A16_15            | INPUT     | LVCMOS18*   |             15 |            |           |             |      NONE |         | UNFIXED    | NONE                   | NONE             |
| G1         | B1[15]      | IOB33S    | IO_L17N_T2_35                | INPUT     | LVCMOS18*   |             35 |            |           |             |      NONE |         | UNFIXED    | NONE                   | NONE             |
| G2         | B1[19]      | IOB33S    | IO_L15N_T2_DQS_35            | INPUT     | LVCMOS18*   |             35 |            |           |             |      NONE |         | UNFIXED    | NONE                   | NONE             |
| G3         | B1[9]       | IOB33S    | IO_L20N_T3_35                | INPUT     | LVCMOS18*   |             35 |            |           |             |      NONE |         | UNFIXED    | NONE                   | NONE             |
| G4         | B1[10]      | IOB33M    | IO_L20P_T3_35                | INPUT     | LVCMOS18*   |             35 |            |           |             |      NONE |         | UNFIXED    | NONE                   | NONE             |
| G5         |             |           | VCCO_35                      |           |             |             35 |            |           |             |           |    1.80 |            |                        |                  |
| G6         | B1[12]      | IOB33M    | IO_L19P_T3_35                | INPUT     | LVCMOS18*   |             35 |            |           |             |      NONE |         | UNFIXED    | NONE                   | NONE             |
| G7         |             |           | VCCINT                       |           |             |                |            |           |             |           |         |            |                        |                  |
| G8         |             |           | GND                          |           |             |                |            |           |             |           |         |            |                        |                  |
| G9         |             |           | VCCINT                       |           |             |                |            |           |             |           |         |            |                        |                  |
| G10        |             |           | GND                          |           |             |                |            |           |             |           |         |            |                        |                  |
| G11        |             |           | VCCBRAM                      |           |             |                |            |           |             |           |         |            |                        |                  |
| G12        |             |           | GND                          |           |             |                |            |           |             |           |         |            |                        |                  |
| G13        |             | IOB33     | IO_0_15                      | UNUSED    |             |             15 |            |           |             |           |         |            |                        |                  |
| G14        | C0[5]       | IOB33S    | IO_L15N_T2_DQS_ADV_B_15      | OUTPUT    | LVCMOS18*   |             15 |         12 |      SLOW |             |           |         | UNFIXED    | NONE                   | NONE             |
| G15        |             |           | VCCO_15                      |           |             |             15 |            |           |             |           |    1.80 |            |                        |                  |
| G16        | C0[9]       | IOB33S    | IO_L13N_T2_MRCC_15           | OUTPUT    | LVCMOS18*   |             15 |         12 |      SLOW |             |           |         | UNFIXED    | NONE                   | NONE             |
| G17        | B0[31]      | IOB33S    | IO_L18N_T2_A23_15            | INPUT     | LVCMOS18*   |             15 |            |           |             |      NONE |         | UNFIXED    | NONE                   | NONE             |
| G18        | B0[24]      | IOB33M    | IO_L22P_T3_A17_15            | INPUT     | LVCMOS18*   |             15 |            |           |             |      NONE |         | UNFIXED    | NONE                   | NONE             |
| H1         | B1[16]      | IOB33M    | IO_L17P_T2_35                | INPUT     | LVCMOS18*   |             35 |            |           |             |      NONE |         | UNFIXED    | NONE                   | NONE             |
| H2         | B1[20]      | IOB33M    | IO_L15P_T2_DQS_35            | INPUT     | LVCMOS18*   |             35 |            |           |             |      NONE |         | UNFIXED    | NONE                   | NONE             |
| H3         |             |           | GND                          |           |             |                |            |           |             |           |         |            |                        |                  |
| H4         | B1[7]       | IOB33S    | IO_L21N_T3_DQS_35            | INPUT     | LVCMOS18*   |             35 |            |           |             |      NONE |         | UNFIXED    | NONE                   | NONE             |
| H5         | B1[1]       | IOB33S    | IO_L24N_T3_35                | INPUT     | LVCMOS18*   |             35 |            |           |             |      NONE |         | UNFIXED    | NONE                   | NONE             |
| H6         | B1[2]       | IOB33M    | IO_L24P_T3_35                | INPUT     | LVCMOS18*   |             35 |            |           |             |      NONE |         | UNFIXED    | NONE                   | NONE             |
| H7         |             |           | GND                          |           |             |                |            |           |             |           |         |            |                        |                  |
| H8         |             |           | VCCINT                       |           |             |                |            |           |             |           |         |            |                        |                  |
| H9         |             |           | GNDADC_0                     |           |             |                |            |           |             |           |         |            |                        |                  |
| H10        |             |           | VCCADC_0                     |           |             |                |            |           |             |           |         |            |                        |                  |
| H11        |             |           | GND                          |           |             |                |            |           |             |           |         |            |                        |                  |
| H12        |             |           | VCCAUX                       |           |             |                |            |           |             |           |    1.80 |            |                        |                  |
| H13        |             |           | GND                          |           |             |                |            |           |             |           |         |            |                        |                  |
| H14        | C0[6]       | IOB33M    | IO_L15P_T2_DQS_15            | OUTPUT    | LVCMOS18*   |             15 |         12 |      SLOW |             |           |         | UNFIXED    | NONE                   | NONE             |
| H15        | B0[29]      | IOB33S    | IO_L19N_T3_A21_VREF_15       | INPUT     | LVCMOS18*   |             15 |            |           |             |      NONE |         | UNFIXED    | NONE                   | NONE             |
| H16        | C0[10]      | IOB33M    | IO_L13P_T2_MRCC_15           | OUTPUT    | LVCMOS18*   |             15 |         12 |      SLOW |             |           |         | UNFIXED    | NONE                   | NONE             |
| H17        | C0[0]       | IOB33M    | IO_L18P_T2_A24_15            | OUTPUT    | LVCMOS18*   |             15 |         12 |      SLOW |             |           |         | UNFIXED    | NONE                   | NONE             |
| H18        |             |           | VCCO_15                      |           |             |             15 |            |           |             |           |    1.80 |            |                        |                  |
| J1         |             |           | VCCO_35                      |           |             |             35 |            |           |             |           |    1.80 |            |                        |                  |
| J2         | B1[5]       | IOB33S    | IO_L22N_T3_35                | INPUT     | LVCMOS18*   |             35 |            |           |             |      NONE |         | UNFIXED    | NONE                   | NONE             |
| J3         | B1[6]       | IOB33M    | IO_L22P_T3_35                | INPUT     | LVCMOS18*   |             35 |            |           |             |      NONE |         | UNFIXED    | NONE                   | NONE             |
| J4         | B1[8]       | IOB33M    | IO_L21P_T3_DQS_35            | INPUT     | LVCMOS18*   |             35 |            |           |             |      NONE |         | UNFIXED    | NONE                   | NONE             |
| J5         | B1[0]       | IOB33     | IO_25_35                     | INPUT     | LVCMOS18*   |             35 |            |           |             |      NONE |         | UNFIXED    | NONE                   | NONE             |
| J6         |             |           | GND                          |           |             |                |            |           |             |           |         |            |                        |                  |
| J7         |             |           | VCCINT                       |           |             |                |            |           |             |           |         |            |                        |                  |
| J8         |             |           | GND                          |           |             |                |            |           |             |           |         |            |                        |                  |
| J9         |             |           | VREFN_0                      |           |             |                |            |           |             |           |         |            |                        |                  |
| J10        |             | IPAD      | VP_0                         | UNUSED    |             |              0 |            |           |             |           |         |            |                        |                  |
| J11        |             |           | VCCINT                       |           |             |                |            |           |             |           |         |            |                        |                  |
| J12        |             |           | GND                          |           |             |                |            |           |             |           |         |            |                        |                  |
| J13        | C0[1]       | IOB33S    | IO_L17N_T2_A25_15            | OUTPUT    | LVCMOS18*   |             15 |         12 |      SLOW |             |           |         | UNFIXED    | NONE                   | NONE             |
| J14        | B0[30]      | IOB33M    | IO_L19P_T3_A22_15            | INPUT     | LVCMOS18*   |             15 |            |           |             |      NONE |         | UNFIXED    | NONE                   | NONE             |
| J15        | B0[19]      | IOB33S    | IO_L24N_T3_RS0_15            | INPUT     | LVCMOS18*   |             15 |            |           |             |      NONE |         | UNFIXED    | NONE                   | NONE             |
| J16        |             |           | GND                          |           |             |                |            |           |             |           |         |            |                        |                  |
| J17        | B0[22]      | IOB33M    | IO_L23P_T3_FOE_B_15          | INPUT     | LVCMOS18*   |             15 |            |           |             |      NONE |         | UNFIXED    | NONE                   | NONE             |
| J18        | B0[21]      | IOB33S    | IO_L23N_T3_FWE_B_15          | INPUT     | LVCMOS18*   |             15 |            |           |             |      NONE |         | UNFIXED    | NONE                   | NONE             |
| K1         | B1[3]       | IOB33S    | IO_L23N_T3_35                | INPUT     | LVCMOS18*   |             35 |            |           |             |      NONE |         | UNFIXED    | NONE                   | NONE             |
| K2         | B1[4]       | IOB33M    | IO_L23P_T3_35                | INPUT     | LVCMOS18*   |             35 |            |           |             |      NONE |         | UNFIXED    | NONE                   | NONE             |
| K3         | C1[14]      | IOB33M    | IO_L2P_T0_34                 | OUTPUT    | LVCMOS18*   |             34 |         12 |      SLOW |             |           |         | UNFIXED    | NONE                   | NONE             |
| K4         |             |           | VCCO_34                      |           |             |             34 |            |           |             |           |    1.80 |            |                        |                  |
| K5         | C1[8]       | IOB33M    | IO_L5P_T0_34                 | OUTPUT    | LVCMOS18*   |             34 |         12 |      SLOW |             |           |         | UNFIXED    | NONE                   | NONE             |
| K6         | C1[17]      | IOB33     | IO_0_34                      | OUTPUT    | LVCMOS18*   |             34 |         12 |      SLOW |             |           |         | UNFIXED    | NONE                   | NONE             |
| K7         |             |           | GND                          |           |             |                |            |           |             |           |         |            |                        |                  |
| K8         |             |           | VCCINT                       |           |             |                |            |           |             |           |         |            |                        |                  |
| K9         |             | IPAD      | VN_0                         | UNUSED    |             |              0 |            |           |             |           |         |            |                        |                  |
| K10        |             |           | VREFP_0                      |           |             |                |            |           |             |           |         |            |                        |                  |
| K11        |             |           | GND                          |           |             |                |            |           |             |           |         |            |                        |                  |
| K12        |             |           | VCCAUX                       |           |             |                |            |           |             |           |    1.80 |            |                        |                  |
| K13        | C0[2]       | IOB33M    | IO_L17P_T2_A26_15            | OUTPUT    | LVCMOS18*   |             15 |         12 |      SLOW |             |           |         | UNFIXED    | NONE                   | NONE             |
| K14        |             |           | VCCO_15                      |           |             |             15 |            |           |             |           |    1.80 |            |                        |                  |
| K15        | B0[20]      | IOB33M    | IO_L24P_T3_RS1_15            | INPUT     | LVCMOS18*   |             15 |            |           |             |      NONE |         | UNFIXED    | NONE                   | NONE             |
| K16        | B0[18]      | IOB33     | IO_25_15                     | INPUT     | LVCMOS18*   |             15 |            |           |             |      NONE |         | UNFIXED    | NONE                   | NONE             |
| K17        | B0[16]      | IOB33M    | IO_L1P_T0_D00_MOSI_14        | INPUT     | LVCMOS18*   |             14 |            |           |             |      NONE |         | UNFIXED    | NONE                   | NONE             |
| K18        | B0[15]      | IOB33S    | IO_L1N_T0_D01_DIN_14         | INPUT     | LVCMOS18*   |             14 |            |           |             |      NONE |         | UNFIXED    | NONE                   | NONE             |
| L1         | C1[16]      | IOB33M    | IO_L1P_T0_34                 | OUTPUT    | LVCMOS18*   |             34 |         12 |      SLOW |             |           |         | UNFIXED    | NONE                   | NONE             |
| L2         |             |           | GND                          |           |             |                |            |           |             |           |         |            |                        |                  |
| L3         | C1[13]      | IOB33S    | IO_L2N_T0_34                 | OUTPUT    | LVCMOS18*   |             34 |         12 |      SLOW |             |           |         | UNFIXED    | NONE                   | NONE             |
| L4         | C1[7]       | IOB33S    | IO_L5N_T0_34                 | OUTPUT    | LVCMOS18*   |             34 |         12 |      SLOW |             |           |         | UNFIXED    | NONE                   | NONE             |
| L5         | C1[5]       | IOB33S    | IO_L6N_T0_VREF_34            | OUTPUT    | LVCMOS18*   |             34 |         12 |      SLOW |             |           |         | UNFIXED    | NONE                   | NONE             |
| L6         | C1[6]       | IOB33M    | IO_L6P_T0_34                 | OUTPUT    | LVCMOS18*   |             34 |         12 |      SLOW |             |           |         | UNFIXED    | NONE                   | NONE             |
| L7         |             |           | VCCINT                       |           |             |                |            |           |             |           |         |            |                        |                  |
| L8         |             |           | GND                          |           |             |                |            |           |             |           |         |            |                        |                  |
| L9         |             |           | DXN_0                        |           |             |                |            |           |             |           |         |            |                        |                  |
| L10        |             |           | DXP_0                        |           |             |                |            |           |             |           |         |            |                        |                  |
| L11        |             |           | VCCINT                       |           |             |                |            |           |             |           |         |            |                        |                  |
| L12        |             |           | GND                          |           |             |                |            |           |             |           |         |            |                        |                  |
| L13        | B0[6]       | IOB33M    | IO_L6P_T0_FCS_B_14           | INPUT     | LVCMOS18*   |             14 |            |           |             |      NONE |         | UNFIXED    | NONE                   | NONE             |
| L14        | B0[14]      | IOB33M    | IO_L2P_T0_D02_14             | INPUT     | LVCMOS18*   |             14 |            |           |             |      NONE |         | UNFIXED    | NONE                   | NONE             |
| L15        | B0[12]      | IOB33M    | IO_L3P_T0_DQS_PUDC_B_14      | INPUT     | LVCMOS18*   |             14 |            |           |             |      NONE |         | UNFIXED    | NONE                   | NONE             |
| L16        | B0[11]      | IOB33S    | IO_L3N_T0_DQS_EMCCLK_14      | INPUT     | LVCMOS18*   |             14 |            |           |             |      NONE |         | UNFIXED    | NONE                   | NONE             |
| L17        |             |           | VCCO_14                      |           |             |             14 |            |           |             |           |    1.80 |            |                        |                  |
| L18        | B0[10]      | IOB33M    | IO_L4P_T0_D04_14             | INPUT     | LVCMOS18*   |             14 |            |           |             |      NONE |         | UNFIXED    | NONE                   | NONE             |
| M1         | C1[15]      | IOB33S    | IO_L1N_T0_34                 | OUTPUT    | LVCMOS18*   |             34 |         12 |      SLOW |             |           |         | UNFIXED    | NONE                   | NONE             |
| M2         | C1[9]       | IOB33S    | IO_L4N_T0_34                 | OUTPUT    | LVCMOS18*   |             34 |         12 |      SLOW |             |           |         | UNFIXED    | NONE                   | NONE             |
| M3         | C1[10]      | IOB33M    | IO_L4P_T0_34                 | OUTPUT    | LVCMOS18*   |             34 |         12 |      SLOW |             |           |         | UNFIXED    | NONE                   | NONE             |
| M4         | A1[18]      | IOB33M    | IO_L16P_T2_34                | INPUT     | LVCMOS18*   |             34 |            |           |             |      NONE |         | UNFIXED    | NONE                   | NONE             |
| M5         |             |           | GND                          |           |             |                |            |           |             |           |         |            |                        |                  |
| M6         | A1[14]      | IOB33M    | IO_L18P_T2_34                | INPUT     | LVCMOS18*   |             34 |            |           |             |      NONE |         | UNFIXED    | NONE                   | NONE             |
| M7         |             |           | GND                          |           |             |                |            |           |             |           |         |            |                        |                  |
| M8         |             |           | VCCINT                       |           |             |                |            |           |             |           |         |            |                        |                  |
| M9         |             |           | GND                          |           |             |                |            |           |             |           |         |            |                        |                  |
| M10        |             |           | VCCINT                       |           |             |                |            |           |             |           |         |            |                        |                  |
| M11        |             |           | GND                          |           |             |                |            |           |             |           |         |            |                        |                  |
| M12        |             |           | VCCAUX                       |           |             |                |            |           |             |           |    1.80 |            |                        |                  |
| M13        | B0[5]       | IOB33S    | IO_L6N_T0_D08_VREF_14        | INPUT     | LVCMOS18*   |             14 |            |           |             |      NONE |         | UNFIXED    | NONE                   | NONE             |
| M14        | B0[13]      | IOB33S    | IO_L2N_T0_D03_14             | INPUT     | LVCMOS18*   |             14 |            |           |             |      NONE |         | UNFIXED    | NONE                   | NONE             |
| M15        |             |           | GND                          |           |             |                |            |           |             |           |         |            |                        |                  |
| M16        | A0[30]      | IOB33M    | IO_L10P_T1_D14_14            | INPUT     | LVCMOS18*   |             14 |            |           |             |      NONE |         | UNFIXED    | NONE                   | NONE             |
| M17        | A0[29]      | IOB33S    | IO_L10N_T1_D15_14            | INPUT     | LVCMOS18*   |             14 |            |           |             |      NONE |         | UNFIXED    | NONE                   | NONE             |
| M18        | B0[9]       | IOB33S    | IO_L4N_T0_D05_14             | INPUT     | LVCMOS18*   |             14 |            |           |             |      NONE |         | UNFIXED    | NONE                   | NONE             |
| N1         | C1[11]      | IOB33S    | IO_L3N_T0_DQS_34             | OUTPUT    | LVCMOS18*   |             34 |         12 |      SLOW |             |           |         | UNFIXED    | NONE                   | NONE             |
| N2         | C1[12]      | IOB33M    | IO_L3P_T0_DQS_34             | OUTPUT    | LVCMOS18*   |             34 |         12 |      SLOW |             |           |         | UNFIXED    | NONE                   | NONE             |
| N3         |             |           | VCCO_34                      |           |             |             34 |            |           |             |           |    1.80 |            |                        |                  |
| N4         | A1[17]      | IOB33S    | IO_L16N_T2_34                | INPUT     | LVCMOS18*   |             34 |            |           |             |      NONE |         | UNFIXED    | NONE                   | NONE             |
| N5         | A1[24]      | IOB33M    | IO_L13P_T2_MRCC_34           | INPUT     | LVCMOS18*   |             34 |            |           |             |      NONE |         | UNFIXED    | NONE                   | NONE             |
| N6         | A1[13]      | IOB33S    | IO_L18N_T2_34                | INPUT     | LVCMOS18*   |             34 |            |           |             |      NONE |         | UNFIXED    | NONE                   | NONE             |
| N7         |             |           | VCCINT                       |           |             |                |            |           |             |           |         |            |                        |                  |
| N8         |             |           | GND                          |           |             |                |            |           |             |           |         |            |                        |                  |
| N9         |             |           | VCCINT                       |           |             |                |            |           |             |           |         |            |                        |                  |
| N10        |             |           | GND                          |           |             |                |            |           |             |           |         |            |                        |                  |
| N11        |             |           | VCCINT                       |           |             |                |            |           |             |           |         |            |                        |                  |
| N12        |             |           | GND                          |           |             |                |            |           |             |           |         |            |                        |                  |
| N13        |             |           | VCCO_14                      |           |             |             14 |            |           |             |           |    1.80 |            |                        |                  |
| N14        | B0[2]       | IOB33M    | IO_L8P_T1_D11_14             | INPUT     | LVCMOS18*   |             14 |            |           |             |      NONE |         | UNFIXED    | NONE                   | NONE             |
| N15        | A0[28]      | IOB33M    | IO_L11P_T1_SRCC_14           | INPUT     | LVCMOS18*   |             14 |            |           |             |      NONE |         | UNFIXED    | NONE                   | NONE             |
| N16        | A0[27]      | IOB33S    | IO_L11N_T1_SRCC_14           | INPUT     | LVCMOS18*   |             14 |            |           |             |      NONE |         | UNFIXED    | NONE                   | NONE             |
| N17        | B0[0]       | IOB33M    | IO_L9P_T1_DQS_14             | INPUT     | LVCMOS18*   |             14 |            |           |             |      NONE |         | UNFIXED    | NONE                   | NONE             |
| N18        |             |           | GND                          |           |             |                |            |           |             |           |         |            |                        |                  |
| P1         |             |           | GND                          |           |             |                |            |           |             |           |         |            |                        |                  |
| P2         | A1[20]      | IOB33M    | IO_L15P_T2_DQS_34            | INPUT     | LVCMOS18*   |             34 |            |           |             |      NONE |         | UNFIXED    | NONE                   | NONE             |
| P3         | A1[21]      | IOB33S    | IO_L14N_T2_SRCC_34           | INPUT     | LVCMOS18*   |             34 |            |           |             |      NONE |         | UNFIXED    | NONE                   | NONE             |
| P4         | A1[22]      | IOB33M    | IO_L14P_T2_SRCC_34           | INPUT     | LVCMOS18*   |             34 |            |           |             |      NONE |         | UNFIXED    | NONE                   | NONE             |
| P5         | A1[23]      | IOB33S    | IO_L13N_T2_MRCC_34           | INPUT     | LVCMOS18*   |             34 |            |           |             |      NONE |         | UNFIXED    | NONE                   | NONE             |
| P6         |             |           | VCCO_34                      |           |             |             34 |            |           |             |           |    1.80 |            |                        |                  |
| P7         |             |           | INIT_B_0                     |           |             |                |            |           |             |           |         |            |                        |                  |
| P8         |             |           | CFGBVS_0                     |           |             |                |            |           |             |           |         |            |                        |                  |
| P9         |             |           | PROGRAM_B_0                  |           |             |                |            |           |             |           |         |            |                        |                  |
| P10        |             |           | DONE_0                       |           |             |                |            |           |             |           |         |            |                        |                  |
| P11        |             |           | M2_0                         |           |             |                |            |           |             |           |         |            |                        |                  |
| P12        |             |           | M0_0                         |           |             |                |            |           |             |           |         |            |                        |                  |
| P13        |             |           | M1_0                         |           |             |                |            |           |             |           |         |            |                        |                  |
| P14        | B0[1]       | IOB33S    | IO_L8N_T1_D12_14             | INPUT     | LVCMOS18*   |             14 |            |           |             |      NONE |         | UNFIXED    | NONE                   | NONE             |
| P15        | A0[24]      | IOB33M    | IO_L13P_T2_MRCC_14           | INPUT     | LVCMOS18*   |             14 |            |           |             |      NONE |         | UNFIXED    | NONE                   | NONE             |
| P16        |             |           | VCCO_14                      |           |             |             14 |            |           |             |           |    1.80 |            |                        |                  |
| P17        | A0[26]      | IOB33M    | IO_L12P_T1_MRCC_14           | INPUT     | LVCMOS18*   |             14 |            |           |             |      NONE |         | UNFIXED    | NONE                   | NONE             |
| P18        | A0[31]      | IOB33S    | IO_L9N_T1_DQS_D13_14         | INPUT     | LVCMOS18*   |             14 |            |           |             |      NONE |         | UNFIXED    | NONE                   | NONE             |
| R1         | A1[16]      | IOB33M    | IO_L17P_T2_34                | INPUT     | LVCMOS18*   |             34 |            |           |             |      NONE |         | UNFIXED    | NONE                   | NONE             |
| R2         | A1[19]      | IOB33S    | IO_L15N_T2_DQS_34            | INPUT     | LVCMOS18*   |             34 |            |           |             |      NONE |         | UNFIXED    | NONE                   | NONE             |
| R3         | A1[28]      | IOB33M    | IO_L11P_T1_SRCC_34           | INPUT     | LVCMOS18*   |             34 |            |           |             |      NONE |         | UNFIXED    | NONE                   | NONE             |
| R4         |             |           | GND                          |           |             |                |            |           |             |           |         |            |                        |                  |
| R5         | A1[11]      | IOB33S    | IO_L19N_T3_VREF_34           | INPUT     | LVCMOS18*   |             34 |            |           |             |      NONE |         | UNFIXED    | NONE                   | NONE             |
| R6         | A1[12]      | IOB33M    | IO_L19P_T3_34                | INPUT     | LVCMOS18*   |             34 |            |           |             |      NONE |         | UNFIXED    | NONE                   | NONE             |
| R7         | A1[4]       | IOB33M    | IO_L23P_T3_34                | INPUT     | LVCMOS18*   |             34 |            |           |             |      NONE |         | UNFIXED    | NONE                   | NONE             |
| R8         | A1[2]       | IOB33M    | IO_L24P_T3_34                | INPUT     | LVCMOS18*   |             34 |            |           |             |      NONE |         | UNFIXED    | NONE                   | NONE             |
| R9         |             |           | VCCO_0                       |           |             |              0 |            |           |             |           |   any** |            |                        |                  |
| R10        | A0[0]       | IOB33     | IO_25_14                     | INPUT     | LVCMOS18*   |             14 |            |           |             |      NONE |         | UNFIXED    | NONE                   | NONE             |
| R11        | B0[17]      | IOB33     | IO_0_14                      | INPUT     | LVCMOS18*   |             14 |            |           |             |      NONE |         | UNFIXED    | NONE                   | NONE             |
| R12        | B0[8]       | IOB33M    | IO_L5P_T0_D06_14             | INPUT     | LVCMOS18*   |             14 |            |           |             |      NONE |         | UNFIXED    | NONE                   | NONE             |
| R13        | B0[7]       | IOB33S    | IO_L5N_T0_D07_14             | INPUT     | LVCMOS18*   |             14 |            |           |             |      NONE |         | UNFIXED    | NONE                   | NONE             |
| R14        |             |           | GND                          |           |             |                |            |           |             |           |         |            |                        |                  |
| R15        | A0[23]      | IOB33S    | IO_L13N_T2_MRCC_14           | INPUT     | LVCMOS18*   |             14 |            |           |             |      NONE |         | UNFIXED    | NONE                   | NONE             |
| R16        | A0[20]      | IOB33M    | IO_L15P_T2_DQS_RDWR_B_14     | INPUT     | LVCMOS18*   |             14 |            |           |             |      NONE |         | UNFIXED    | NONE                   | NONE             |
| R17        | A0[25]      | IOB33S    | IO_L12N_T1_MRCC_14           | INPUT     | LVCMOS18*   |             14 |            |           |             |      NONE |         | UNFIXED    | NONE                   | NONE             |
| R18        | B0[4]       | IOB33M    | IO_L7P_T1_D09_14             | INPUT     | LVCMOS18*   |             14 |            |           |             |      NONE |         | UNFIXED    | NONE                   | NONE             |
| T1         | A1[15]      | IOB33S    | IO_L17N_T2_34                | INPUT     | LVCMOS18*   |             34 |            |           |             |      NONE |         | UNFIXED    | NONE                   | NONE             |
| T2         |             |           | VCCO_34                      |           |             |             34 |            |           |             |           |    1.80 |            |                        |                  |
| T3         | A1[27]      | IOB33S    | IO_L11N_T1_SRCC_34           | INPUT     | LVCMOS18*   |             34 |            |           |             |      NONE |         | UNFIXED    | NONE                   | NONE             |
| T4         | A1[25]      | IOB33S    | IO_L12N_T1_MRCC_34           | INPUT     | LVCMOS18*   |             34 |            |           |             |      NONE |         | UNFIXED    | NONE                   | NONE             |
| T5         | A1[26]      | IOB33M    | IO_L12P_T1_MRCC_34           | INPUT     | LVCMOS18*   |             34 |            |           |             |      NONE |         | UNFIXED    | NONE                   | NONE             |
| T6         | A1[3]       | IOB33S    | IO_L23N_T3_34                | INPUT     | LVCMOS18*   |             34 |            |           |             |      NONE |         | UNFIXED    | NONE                   | NONE             |
| T7         |             |           | GND                          |           |             |                |            |           |             |           |         |            |                        |                  |
| T8         | A1[1]       | IOB33S    | IO_L24N_T3_34                | INPUT     | LVCMOS18*   |             34 |            |           |             |      NONE |         | UNFIXED    | NONE                   | NONE             |
| T9         | A0[2]       | IOB33M    | IO_L24P_T3_A01_D17_14        | INPUT     | LVCMOS18*   |             14 |            |           |             |      NONE |         | UNFIXED    | NONE                   | NONE             |
| T10        | A0[1]       | IOB33S    | IO_L24N_T3_A00_D16_14        | INPUT     | LVCMOS18*   |             14 |            |           |             |      NONE |         | UNFIXED    | NONE                   | NONE             |
| T11        | A0[12]      | IOB33M    | IO_L19P_T3_A10_D26_14        | INPUT     | LVCMOS18*   |             14 |            |           |             |      NONE |         | UNFIXED    | NONE                   | NONE             |
| T12        |             |           | VCCO_14                      |           |             |             14 |            |           |             |           |    1.80 |            |                        |                  |
| T13        | A0[4]       | IOB33M    | IO_L23P_T3_A03_D19_14        | INPUT     | LVCMOS18*   |             14 |            |           |             |      NONE |         | UNFIXED    | NONE                   | NONE             |
| T14        | A0[22]      | IOB33M    | IO_L14P_T2_SRCC_14           | INPUT     | LVCMOS18*   |             14 |            |           |             |      NONE |         | UNFIXED    | NONE                   | NONE             |
| T15        | A0[21]      | IOB33S    | IO_L14N_T2_SRCC_14           | INPUT     | LVCMOS18*   |             14 |            |           |             |      NONE |         | UNFIXED    | NONE                   | NONE             |
| T16        | A0[19]      | IOB33S    | IO_L15N_T2_DQS_DOUT_CSO_B_14 | INPUT     | LVCMOS18*   |             14 |            |           |             |      NONE |         | UNFIXED    | NONE                   | NONE             |
| T17        |             |           | GND                          |           |             |                |            |           |             |           |         |            |                        |                  |
| T18        | B0[3]       | IOB33S    | IO_L7N_T1_D10_14             | INPUT     | LVCMOS18*   |             14 |            |           |             |      NONE |         | UNFIXED    | NONE                   | NONE             |
| U1         | C1[4]       | IOB33M    | IO_L7P_T1_34                 | OUTPUT    | LVCMOS18*   |             34 |         12 |      SLOW |             |           |         | UNFIXED    | NONE                   | NONE             |
| U2         | C1[0]       | IOB33M    | IO_L9P_T1_DQS_34             | OUTPUT    | LVCMOS18*   |             34 |         12 |      SLOW |             |           |         | UNFIXED    | NONE                   | NONE             |
| U3         | C1[1]       | IOB33S    | IO_L8N_T1_34                 | OUTPUT    | LVCMOS18*   |             34 |         12 |      SLOW |             |           |         | UNFIXED    | NONE                   | NONE             |
| U4         | C1[2]       | IOB33M    | IO_L8P_T1_34                 | OUTPUT    | LVCMOS18*   |             34 |         12 |      SLOW |             |           |         | UNFIXED    | NONE                   | NONE             |
| U5         |             |           | VCCO_34                      |           |             |             34 |            |           |             |           |    1.80 |            |                        |                  |
| U6         | A1[5]       | IOB33S    | IO_L22N_T3_34                | INPUT     | LVCMOS18*   |             34 |            |           |             |      NONE |         | UNFIXED    | NONE                   | NONE             |
| U7         | A1[6]       | IOB33M    | IO_L22P_T3_34                | INPUT     | LVCMOS18*   |             34 |            |           |             |      NONE |         | UNFIXED    | NONE                   | NONE             |
| U8         | A1[0]       | IOB33     | IO_25_34                     | INPUT     | LVCMOS18*   |             34 |            |           |             |      NONE |         | UNFIXED    | NONE                   | NONE             |
| U9         | A1[8]       | IOB33M    | IO_L21P_T3_DQS_34            | INPUT     | LVCMOS18*   |             34 |            |           |             |      NONE |         | UNFIXED    | NONE                   | NONE             |
| U10        |             |           | GND                          |           |             |                |            |           |             |           |         |            |                        |                  |
| U11        | A0[11]      | IOB33S    | IO_L19N_T3_A09_D25_VREF_14   | INPUT     | LVCMOS18*   |             14 |            |           |             |      NONE |         | UNFIXED    | NONE                   | NONE             |
| U12        | A0[10]      | IOB33M    | IO_L20P_T3_A08_D24_14        | INPUT     | LVCMOS18*   |             14 |            |           |             |      NONE |         | UNFIXED    | NONE                   | NONE             |
| U13        | A0[3]       | IOB33S    | IO_L23N_T3_A02_D18_14        | INPUT     | LVCMOS18*   |             14 |            |           |             |      NONE |         | UNFIXED    | NONE                   | NONE             |
| U14        | A0[6]       | IOB33M    | IO_L22P_T3_A05_D21_14        | INPUT     | LVCMOS18*   |             14 |            |           |             |      NONE |         | UNFIXED    | NONE                   | NONE             |
| U15        |             |           | VCCO_14                      |           |             |             14 |            |           |             |           |    1.80 |            |                        |                  |
| U16        | A0[14]      | IOB33M    | IO_L18P_T2_A12_D28_14        | INPUT     | LVCMOS18*   |             14 |            |           |             |      NONE |         | UNFIXED    | NONE                   | NONE             |
| U17        | A0[16]      | IOB33M    | IO_L17P_T2_A14_D30_14        | INPUT     | LVCMOS18*   |             14 |            |           |             |      NONE |         | UNFIXED    | NONE                   | NONE             |
| U18        | A0[15]      | IOB33S    | IO_L17N_T2_A13_D29_14        | INPUT     | LVCMOS18*   |             14 |            |           |             |      NONE |         | UNFIXED    | NONE                   | NONE             |
| V1         | C1[3]       | IOB33S    | IO_L7N_T1_34                 | OUTPUT    | LVCMOS18*   |             34 |         12 |      SLOW |             |           |         | UNFIXED    | NONE                   | NONE             |
| V2         | A1[31]      | IOB33S    | IO_L9N_T1_DQS_34             | INPUT     | LVCMOS18*   |             34 |            |           |             |      NONE |         | UNFIXED    | NONE                   | NONE             |
| V3         |             |           | GND                          |           |             |                |            |           |             |           |         |            |                        |                  |
| V4         | A1[29]      | IOB33S    | IO_L10N_T1_34                | INPUT     | LVCMOS18*   |             34 |            |           |             |      NONE |         | UNFIXED    | NONE                   | NONE             |
| V5         | A1[30]      | IOB33M    | IO_L10P_T1_34                | INPUT     | LVCMOS18*   |             34 |            |           |             |      NONE |         | UNFIXED    | NONE                   | NONE             |
| V6         | A1[9]       | IOB33S    | IO_L20N_T3_34                | INPUT     | LVCMOS18*   |             34 |            |           |             |      NONE |         | UNFIXED    | NONE                   | NONE             |
| V7         | A1[10]      | IOB33M    | IO_L20P_T3_34                | INPUT     | LVCMOS18*   |             34 |            |           |             |      NONE |         | UNFIXED    | NONE                   | NONE             |
| V8         |             |           | VCCO_34                      |           |             |             34 |            |           |             |           |    1.80 |            |                        |                  |
| V9         | A1[7]       | IOB33S    | IO_L21N_T3_DQS_34            | INPUT     | LVCMOS18*   |             34 |            |           |             |      NONE |         | UNFIXED    | NONE                   | NONE             |
| V10        | A0[8]       | IOB33M    | IO_L21P_T3_DQS_14            | INPUT     | LVCMOS18*   |             14 |            |           |             |      NONE |         | UNFIXED    | NONE                   | NONE             |
| V11        | A0[7]       | IOB33S    | IO_L21N_T3_DQS_A06_D22_14    | INPUT     | LVCMOS18*   |             14 |            |           |             |      NONE |         | UNFIXED    | NONE                   | NONE             |
| V12        | A0[9]       | IOB33S    | IO_L20N_T3_A07_D23_14        | INPUT     | LVCMOS18*   |             14 |            |           |             |      NONE |         | UNFIXED    | NONE                   | NONE             |
| V13        |             |           | GND                          |           |             |                |            |           |             |           |         |            |                        |                  |
| V14        | A0[5]       | IOB33S    | IO_L22N_T3_A04_D20_14        | INPUT     | LVCMOS18*   |             14 |            |           |             |      NONE |         | UNFIXED    | NONE                   | NONE             |
| V15        | A0[18]      | IOB33M    | IO_L16P_T2_CSI_B_14          | INPUT     | LVCMOS18*   |             14 |            |           |             |      NONE |         | UNFIXED    | NONE                   | NONE             |
| V16        | A0[17]      | IOB33S    | IO_L16N_T2_A15_D31_14        | INPUT     | LVCMOS18*   |             14 |            |           |             |      NONE |         | UNFIXED    | NONE                   | NONE             |
| V17        | A0[13]      | IOB33S    | IO_L18N_T2_A11_D27_14        | INPUT     | LVCMOS18*   |             14 |            |           |             |      NONE |         | UNFIXED    | NONE                   | NONE             |
| V18        |             |           | VCCO_14                      |           |             |             14 |            |           |             |           |    1.80 |            |                        |                  |
+------------+-------------+-----------+------------------------------+-----------+-------------+----------------+------------+-----------+-------------+-----------+---------+------------+------------------------+------------------+
* Default value
** Special VCCO requirements may apply. Please consult the device family datasheet for specific guideline on VCCO requirements.


